Objeto
NoObjeto